MPLINK 4.31, Linker
Linker Map File - Created Mon Feb 22 17:06:05 2021

                                 Section Info
                  Section       Type    Address   Location Size(Bytes)
                ---------  ---------  ---------  ---------  ---------
                   .org_0       code   0x000000    program   0x000002
                   .cinit    romdata   0x000001    program   0x000004
                   .org_1       code   0x000004    program   0x000044



                              Program Memory Usage 
                               Start         End      
                           ---------   ---------      
                            0x000000    0x000002      
                            0x000004    0x000025      
            37 out of 2183 program addresses used, program memory utilization is 1%



                              Symbols - Sorted by Name
                     Name    Address   Location    Storage File                     
                ---------  ---------  ---------  --------- ---------                
              APAGAR_LED1   0x000012    program     static C:\Users\Usuario\Desktop\UNLa\Arquitectura computadoras\tpArq\tpArq.asm
              APAGAR_LED2   0x000016    program     static C:\Users\Usuario\Desktop\UNLa\Arquitectura computadoras\tpArq\tpArq.asm
            ENCENDER_LED1   0x000010    program     static C:\Users\Usuario\Desktop\UNLa\Arquitectura computadoras\tpArq\tpArq.asm
            ENCENDER_LED2   0x000014    program     static C:\Users\Usuario\Desktop\UNLa\Arquitectura computadoras\tpArq\tpArq.asm
                   INICIO   0x00001b    program     static C:\Users\Usuario\Desktop\UNLa\Arquitectura computadoras\tpArq\tpArq.asm
             LED1_APAGADO   0x00000a    program     static C:\Users\Usuario\Desktop\UNLa\Arquitectura computadoras\tpArq\tpArq.asm
            LED1_PRENDIDO   0x00000d    program     static C:\Users\Usuario\Desktop\UNLa\Arquitectura computadoras\tpArq\tpArq.asm
                     SALE   0x000018    program     static C:\Users\Usuario\Desktop\UNLa\Arquitectura computadoras\tpArq\tpArq.asm
             _.org_1_0025   0x000025    program     static C:\Users\Usuario\Desktop\UNLa\Arquitectura computadoras\tpArq\tpArq.asm



                              Symbols - Sorted by Address
                     Name    Address   Location    Storage File                     
                ---------  ---------  ---------  --------- ---------                
             LED1_APAGADO   0x00000a    program     static C:\Users\Usuario\Desktop\UNLa\Arquitectura computadoras\tpArq\tpArq.asm
            LED1_PRENDIDO   0x00000d    program     static C:\Users\Usuario\Desktop\UNLa\Arquitectura computadoras\tpArq\tpArq.asm
            ENCENDER_LED1   0x000010    program     static C:\Users\Usuario\Desktop\UNLa\Arquitectura computadoras\tpArq\tpArq.asm
              APAGAR_LED1   0x000012    program     static C:\Users\Usuario\Desktop\UNLa\Arquitectura computadoras\tpArq\tpArq.asm
            ENCENDER_LED2   0x000014    program     static C:\Users\Usuario\Desktop\UNLa\Arquitectura computadoras\tpArq\tpArq.asm
              APAGAR_LED2   0x000016    program     static C:\Users\Usuario\Desktop\UNLa\Arquitectura computadoras\tpArq\tpArq.asm
                     SALE   0x000018    program     static C:\Users\Usuario\Desktop\UNLa\Arquitectura computadoras\tpArq\tpArq.asm
                   INICIO   0x00001b    program     static C:\Users\Usuario\Desktop\UNLa\Arquitectura computadoras\tpArq\tpArq.asm
             _.org_1_0025   0x000025    program     static C:\Users\Usuario\Desktop\UNLa\Arquitectura computadoras\tpArq\tpArq.asm


